{
  "usingComponents": {
    "b-0": "../components/b/index"
  }
}