{
  "usingComponents": {
    "d-0": "../components/d/index",
    "f-0": "../components/f/index"
  }
}