{
  "pages": [
    "pages/index",
    "pages/entry/index"
  ],
  "window": {
    "defaultTitle": "Alipay App",
    "titleBarColor": "#323239"
  }
}