{
  "usingComponents": {
    "native-component-0": "../../components/nativeComponent/index"
  }
}