{
  "defaultTitle": "Alipay App",
  "titleBarColor": "#323239",
  "usingComponents": {
    "native-component-0": "../components/nativeComponent/index"
  }
}